#-----------------------------------------------------------
# xsim v2025.2 (64-bit)
# SW Build 6299465 on Fri Nov 14 12:34:56 MST 2025
# IP Build 6300035 on Fri Nov 14 10:48:45 MST 2025
# SharedData Build 6298862 on Thu Nov 13 04:50:51 MST 2025
# Start of session at: Thu Sep 24 18:22:50 2026
# Process ID         : 565298
# Current directory  : /home/reajul/Desktop/apb_uvm/sim
# Command line       : xsim -mode tcl -source {xsim.dir/tb_top_sim/xsim_script.tcl}
# Log file           : /home/reajul/Desktop/apb_uvm/sim/xsim.log
# Journal file       : /home/reajul/Desktop/apb_uvm/sim/xsim.jou
# Running On         : vlsi-vivado
# Platform           : Ubuntu
# Operating System   : Ubuntu 24.04.4 LTS
# Processor Detail   : Intel(R) Core(TM) i5-10400 CPU @ 2.90GHz
# CPU Frequency      : 3999.989 MHz
# CPU Physical cores : 6
# CPU Logical cores  : 12
# Host memory        : 41875 MB
# Swap memory        : 27648 MB
# Total Virtual      : 69524 MB
# Available Virtual  : 57994 MB
#-----------------------------------------------------------
source xsim.dir/tb_top_sim/xsim_script.tcl
# xsim {tb_top_sim} -testplusarg UVM_VERBOSITY=UVM_LOW -testplusarg UVM_TESTNAME=apb_random_test -autoloadwcfg -runall
Time resolution is 1 ps
run -all
UVM_INFO /tools/2025.2/data/system_verilog/uvm_1.2/xlnx_uvm_package.sv(18601) @ 0: reporter [UVM/RELNOTES] 
----------------------------------------------------------------
UVM-1.2
(C) 2007-2014 Mentor Graphics Corporation
(C) 2007-2014 Cadence Design Systems, Inc.
(C) 2006-2014 Synopsys, Inc.
(C) 2011-2013 Cypress Semiconductor Corp.
(C) 2013-2014 NVIDIA Corporation
----------------------------------------------------------------

  ***********       IMPORTANT RELEASE NOTES         ************

  You are using a version of the UVM library that has been compiled
  with `UVM_NO_DEPRECATED undefined.

  You are using a version of the UVM library that has been compiled
  with `UVM_OBJECT_DO_NOT_NEED_CONSTRUCTOR undefined.

      (Specify +UVM_NO_RELNOTES to turn off this notice)

UVM_INFO /tools/2025.2/data/system_verilog/uvm_1.2/xlnx_uvm_package.sv(18648) @ 0: reporter [NO_DPI_TSTNAME] UVM_NO_DPI defined--getting UVM_TESTNAME directly, without DPI
UVM_INFO @ 0: reporter [RNTST] Running test apb_random_test...
UVM_INFO /home/reajul/Desktop/apb_uvm/tb/test_lib/apb_base_test.sv(14) @ 0: uvm_test_top [apb_random_test] INSIDE BASE CLASS BUILD PHASE
UVM_INFO /home/reajul/Desktop/apb_uvm/tb/env/apb_environment.sv(18) @ 0: uvm_test_top.env [apb_environment] INSIDE ENVIRONMENT BUILD PHASE
WARNING: A Value '4294967295' is found in bin 'ALL_ONE' of Coverpoint 'cp_read_data'. It is invalid and will be ignored.
WARNING: A Value '2863311530' is found in bin 'PATTERN_A' of Coverpoint 'cp_read_data'. It is invalid and will be ignored.
WARNING: A Value '1431655765' is found in bin 'PATTERN_5' of Coverpoint 'cp_read_data'. It is invalid and will be ignored.
WARNING: The value list associated with bin 'ALL_ONE' in Coverpoint 'cp_read_data' of covergroup instance '	his .apb_cg' has converged to empty list. The bin will be taken out of coverage calculation.
WARNING: The value list associated with bin 'PATTERN_A' in Coverpoint 'cp_read_data' of covergroup instance '	his .apb_cg' has converged to empty list. The bin will be taken out of coverage calculation.
WARNING: The value list associated with bin 'PATTERN_5' in Coverpoint 'cp_read_data' of covergroup instance '	his .apb_cg' has converged to empty list. The bin will be taken out of coverage calculation.
UVM_INFO /home/reajul/Desktop/apb_uvm/tb/env/apb_functional_coverage.sv(55) @ 0: uvm_test_top.env.fc [FUNCTIONAL_COVERAGE] Inside Functional coverage Constructor
UVM_INFO /home/reajul/Desktop/apb_uvm/tb/agent/apb_agent.sv(19) @ 0: uvm_test_top.env.agt [apb_agent] INSIDE AGENT BUILD PHASE
UVM_INFO /home/reajul/Desktop/apb_uvm/tb/agent/apb_driver.sv(22) @ 0: uvm_test_top.env.agt.drv [apb_driver] INSIDE DRIVER BUILD PHASE
UVM_INFO /home/reajul/Desktop/apb_uvm/tb/agent/apb_monitor.sv(24) @ 0: uvm_test_top.env.agt.mon [apb_monitor] INSIDE MONITOR BUILD PHASE
UVM_INFO /home/reajul/Desktop/apb_uvm/tb/agent/apb_sequencer.sv(19) @ 0: uvm_test_top.env.agt.seqr [apb_sequencer] INSIDE SEQUENCER BUILD PHASE
UVM_INFO /home/reajul/Desktop/apb_uvm/tb/env/apb_scoreboard.sv(29) @ 0: uvm_test_top.env.sb [apb_scoreboard] INSIDE SCOREBOARD BUILD PHASE
UVM_INFO /home/reajul/Desktop/apb_uvm/tb/agent/apb_driver.sv(29) @ 0: uvm_test_top.env.agt.drv [apb_driver] INSIDE DRIVER CONNECT PHASE
UVM_INFO /home/reajul/Desktop/apb_uvm/tb/agent/apb_monitor.sv(33) @ 0: uvm_test_top.env.agt.mon [apb_monitor] INSIDE MONITOR CONNECT PHASE
UVM_INFO /home/reajul/Desktop/apb_uvm/tb/agent/apb_sequencer.sv(26) @ 0: uvm_test_top.env.agt.seqr [apb_sequencer] INSIDE SEQUENCER CONNECT PHASE
UVM_INFO /home/reajul/Desktop/apb_uvm/tb/agent/apb_agent.sv(32) @ 0: uvm_test_top.env.agt [apb_agent] INSIDE AGENT CONNECT PHASE
UVM_INFO /home/reajul/Desktop/apb_uvm/tb/env/apb_scoreboard.sv(34) @ 0: uvm_test_top.env.sb [apb_scoreboard] INSIDE SCOREBOARD CONNECT PHASE
UVM_INFO /home/reajul/Desktop/apb_uvm/tb/env/apb_environment.sv(33) @ 0: uvm_test_top.env [apb_environment] INSIDE ENVIRONMENT CONNECT PHASE
UVM_INFO /home/reajul/Desktop/apb_uvm/tb/test_lib/apb_base_test.sv(23) @ 0: uvm_test_top [apb_random_test] INSIDE BASE CLASS CONNECT PHASE
UVM_INFO /tools/2025.2/data/system_verilog/uvm_1.2/xlnx_uvm_package.sv(20867) @ 0: reporter [UVM/COMP/NAMECHECK] This implementation of the component name checks requires DPI to be enabled
UVM_INFO /home/reajul/Desktop/apb_uvm/tb/test_lib/apb_random_test.sv(18) @ 0: uvm_test_top [TEST] APB RANDOM ADDRESS WRITE AND READ WITH RANDOM DATA
UVM_INFO /home/reajul/Desktop/apb_uvm/tb/env/apb_environment.sv(39) @ 0: uvm_test_top.env [apb_environment] INSIDE ENVIRONMENT RUN PHASE
UVM_INFO /home/reajul/Desktop/apb_uvm/tb/env/apb_scoreboard.sv(40) @ 0: uvm_test_top.env.sb [apb_scoreboard] INSIDE SCOREBOARD RUN PHASE
UVM_INFO /home/reajul/Desktop/apb_uvm/tb/agent/apb_agent.sv(40) @ 0: uvm_test_top.env.agt [apb_agent] INSIDE AGENT RUN PHASE
UVM_INFO /home/reajul/Desktop/apb_uvm/tb/agent/apb_sequencer.sv(33) @ 0: uvm_test_top.env.agt.seqr [apb_sequencer] INSIDE SEQUENCER RUN PHASE
UVM_INFO /home/reajul/Desktop/apb_uvm/tb/agent/apb_driver.sv(59) @ 0: uvm_test_top.env.agt.drv [DRIVER] Driving RESET
UVM_INFO /home/reajul/Desktop/apb_uvm/tb/test_lib/apb_random_test.sv(24) @ 5000: uvm_test_top [TEST] Starting Write and read of all Address.....
UVM_INFO /home/reajul/Desktop/apb_uvm/tb/test_lib/apb_random_test.sv(32) @ 5000: uvm_test_top [TEST] WRITE: ADDR=0x6d WDATA=0x57574afd
UVM_INFO /home/reajul/Desktop/apb_uvm/tb/agent/apb_driver.sv(73) @ 5000: uvm_test_top.env.agt.drv [DRIVER] Driving Write
UVM_FATAL /home/reajul/Desktop/apb_uvm/tb/agent/apb_driver.sv(96) @ 1015000: uvm_test_top.env.agt.drv [APB_TIMEOUT] PREADY was not asserted within 100 clock cycle
UVM_INFO /tools/2025.2/data/system_verilog/uvm_1.2/xlnx_uvm_package.sv(13673) @ 1015000: reporter [UVM/REPORT/SERVER] 
--- UVM Report Summary ---

** Report counts by severity
UVM_INFO :   28
UVM_WARNING :    0
UVM_ERROR :    0
UVM_FATAL :    1
** Report counts by id
[APB_TIMEOUT]     1
[DRIVER]     2
[FUNCTIONAL_COVERAGE]     1
[NO_DPI_TSTNAME]     1
[RNTST]     1
[TEST]     3
[UVM/COMP/NAMECHECK]     1
[UVM/RELNOTES]     1
[apb_agent]     3
[apb_driver]     2
[apb_environment]     3
[apb_monitor]     2
[apb_random_test]     2
[apb_scoreboard]     3
[apb_sequencer]     3

$finish called at time : 1015 ns : File "/tools/2025.2/data/system_verilog/uvm_1.2/xlnx_uvm_package.sv" Line 18538
exit
INFO: xsimkernel Simulation Memory Usage: 308232 KB (Peak: 351804 KB), Simulation CPU Usage: 1210 ms
INFO: [Common 17-206] Exiting xsim at Thu Sep 24 18:22:53 2026...
